Lexeme List:
29 2 f 17 2 n 18 30 2 fact 18 29 2 ans1 18 21 2 ans1 20 2 n 18 2 n 20 2 n 5 3 1 18 23 2 n 9 3 0 24 2 f 20 3 1 18 23 2 n 13 3 0 24 27 2 fact 18 2 f 20 2 f 6 2 ans1 18 22 18 21 2 n 20 3 3 18 27 2 fact 18 31 2 f 22 19 

Lexeme List (Symbolic Representation):
varsym identsym f commasym identsym n semicolonsym procsym identsym fact semicolonsym varsym identsym ans1 semicolonsym beginsym identsym ans1 becomessym identsym n semicolonsym identsym n becomessym identsym n minussym numbersym 1 semicolonsym ifsym identsym n eqsym numbersym 0 thensym identsym f becomessym numbersym 1 semicolonsym ifsym identsym n gtrsym numbersym 0 thensym callsym identsym fact semicolonsym identsym f becomessym identsym f multsym identsym ans1 semicolonsym endsym semicolonsym beginsym identsym n becomessym numbersym 3 semicolonsym callsym identsym fact semicolonsym writesym identsym f endsym periodsym 

No errors, program is syntactically correct

Assembly Code:
Line  OP   R  L  M
0     jmp  0  0  25
1     jmp  0  0  2
2     inc  0  0  5
3     lod  0  1  5
4     sto  0  0  4
5     lod  0  1  5
6     lit  1  0  1
7     sub  0  0  1
8     sto  0  1  5
9     lod  0  1  5
10    lit  1  0  0
11    eql  0  0  1
12    jpc  0  0  15
13    lit  0  0  1
14    sto  0  1  4
15    lod  0  1  5
16    lit  1  0  0
17    gtr  0  0  1
18    jpc  0  0  20
19    cal  0  1  1
20    lod  0  1  4
21    lod  1  0  4
22    mul  0  0  1
23    sto  0  1  4
24    rtn  0  0  0
25    inc  0  0  6
26    lit  0  0  3
27    sto  0  0  5
28    cal  0  0  1
29    lod  0  0  4
30    sio  0  0  0
31    sio  0  0  3

                      pc      bp      sp      registers
Initial values        0       1       0       0 0 0 0 0 0 0 0 
Stack: 0 0 0 0 0 0 0 0 0 0 0 0 0 0 0 0 0 0 0 0 0 0 0 0 0 0 0 0 0 0 0 0 0 0 0 0 0 0 0 

0   jmp  0  0  25     25      1       0       0 0 0 0 0 0 0 0 
Stack: 

25  inc  0  0  6      26      1       6       0 0 0 0 0 0 0 0 
Stack: 0 0 0 0 0 0 

26  lit  0  0  3      27      1       6       3 0 0 0 0 0 0 0 
Stack: 0 0 0 0 0 0 

27  sto  0  0  5      28      1       6       3 0 0 0 0 0 0 0 
Stack: 0 0 0 0 0 3 

28  cal  0  0  1      1       7       6       3 0 0 0 0 0 0 0 
Stack: 0 0 0 0 0 3 

1   jmp  0  0  2      2       7       6       3 0 0 0 0 0 0 0 
Stack: 0 0 0 0 0 3 

2   inc  0  0  5      3       7       11      3 0 0 0 0 0 0 0 
Stack: 0 0 0 0 0 3 | 0 1 1 29 0 

3   lod  0  1  5      4       7       11      3 0 0 0 0 0 0 0 
Stack: 0 0 0 0 0 3 | 0 1 1 29 0 

4   sto  0  0  4      5       7       11      3 0 0 0 0 0 0 0 
Stack: 0 0 0 0 0 3 | 0 1 1 29 3 

5   lod  0  1  5      6       7       11      3 0 0 0 0 0 0 0 
Stack: 0 0 0 0 0 3 | 0 1 1 29 3 

6   lit  1  0  1      7       7       11      3 1 0 0 0 0 0 0 
Stack: 0 0 0 0 0 3 | 0 1 1 29 3 

7   sub  0  0  1      8       7       11      2 1 0 0 0 0 0 0 
Stack: 0 0 0 0 0 3 | 0 1 1 29 3 

8   sto  0  1  5      9       7       11      2 1 0 0 0 0 0 0 
Stack: 0 0 0 0 0 2 | 0 1 1 29 3 

9   lod  0  1  5      10      7       11      2 1 0 0 0 0 0 0 
Stack: 0 0 0 0 0 2 | 0 1 1 29 3 

10  lit  1  0  0      11      7       11      2 0 0 0 0 0 0 0 
Stack: 0 0 0 0 0 2 | 0 1 1 29 3 

11  eql  0  0  1      12      7       11      0 0 0 0 0 0 0 0 
Stack: 0 0 0 0 0 2 | 0 1 1 29 3 

12  jpc  0  0  15     15      7       11      0 0 0 0 0 0 0 0 
Stack: 0 0 0 0 0 2 | 0 1 1 29 3 

15  lod  0  1  5      16      7       11      2 0 0 0 0 0 0 0 
Stack: 0 0 0 0 0 2 | 0 1 1 29 3 

16  lit  1  0  0      17      7       11      2 0 0 0 0 0 0 0 
Stack: 0 0 0 0 0 2 | 0 1 1 29 3 

17  gtr  0  0  1      18      7       11      1 0 0 0 0 0 0 0 
Stack: 0 0 0 0 0 2 | 0 1 1 29 3 

18  jpc  0  0  20     19      7       11      1 0 0 0 0 0 0 0 
Stack: 0 0 0 0 0 2 | 0 1 1 29 3 

19  cal  0  1  1      1       12      11      1 0 0 0 0 0 0 0 
Stack: 0 0 0 0 0 2 | 0 1 1 29 3 

1   jmp  0  0  2      2       12      11      1 0 0 0 0 0 0 0 
Stack: 0 0 0 0 0 2 | 0 1 1 29 3 

2   inc  0  0  5      3       12      16      1 0 0 0 0 0 0 0 
Stack: 0 0 0 0 0 2 | 0 1 1 29 3 | 0 1 7 20 0 

3   lod  0  1  5      4       12      16      2 0 0 0 0 0 0 0 
Stack: 0 0 0 0 0 2 | 0 1 1 29 3 | 0 1 7 20 0 

4   sto  0  0  4      5       12      16      2 0 0 0 0 0 0 0 
Stack: 0 0 0 0 0 2 | 0 1 1 29 3 | 0 1 7 20 2 

5   lod  0  1  5      6       12      16      2 0 0 0 0 0 0 0 
Stack: 0 0 0 0 0 2 | 0 1 1 29 3 | 0 1 7 20 2 

6   lit  1  0  1      7       12      16      2 1 0 0 0 0 0 0 
Stack: 0 0 0 0 0 2 | 0 1 1 29 3 | 0 1 7 20 2 

7   sub  0  0  1      8       12      16      1 1 0 0 0 0 0 0 
Stack: 0 0 0 0 0 2 | 0 1 1 29 3 | 0 1 7 20 2 

8   sto  0  1  5      9       12      16      1 1 0 0 0 0 0 0 
Stack: 0 0 0 0 0 1 | 0 1 1 29 3 | 0 1 7 20 2 

9   lod  0  1  5      10      12      16      1 1 0 0 0 0 0 0 
Stack: 0 0 0 0 0 1 | 0 1 1 29 3 | 0 1 7 20 2 

10  lit  1  0  0      11      12      16      1 0 0 0 0 0 0 0 
Stack: 0 0 0 0 0 1 | 0 1 1 29 3 | 0 1 7 20 2 

11  eql  0  0  1      12      12      16      0 0 0 0 0 0 0 0 
Stack: 0 0 0 0 0 1 | 0 1 1 29 3 | 0 1 7 20 2 

12  jpc  0  0  15     15      12      16      0 0 0 0 0 0 0 0 
Stack: 0 0 0 0 0 1 | 0 1 1 29 3 | 0 1 7 20 2 

15  lod  0  1  5      16      12      16      1 0 0 0 0 0 0 0 
Stack: 0 0 0 0 0 1 | 0 1 1 29 3 | 0 1 7 20 2 

16  lit  1  0  0      17      12      16      1 0 0 0 0 0 0 0 
Stack: 0 0 0 0 0 1 | 0 1 1 29 3 | 0 1 7 20 2 

17  gtr  0  0  1      18      12      16      1 0 0 0 0 0 0 0 
Stack: 0 0 0 0 0 1 | 0 1 1 29 3 | 0 1 7 20 2 

18  jpc  0  0  20     19      12      16      1 0 0 0 0 0 0 0 
Stack: 0 0 0 0 0 1 | 0 1 1 29 3 | 0 1 7 20 2 

19  cal  0  1  1      1       17      16      1 0 0 0 0 0 0 0 
Stack: 0 0 0 0 0 1 | 0 1 1 29 3 | 0 1 7 20 2 

1   jmp  0  0  2      2       17      16      1 0 0 0 0 0 0 0 
Stack: 0 0 0 0 0 1 | 0 1 1 29 3 | 0 1 7 20 2 

2   inc  0  0  5      3       17      21      1 0 0 0 0 0 0 0 
Stack: 0 0 0 0 0 1 | 0 1 1 29 3 | 0 1 7 20 2 | 0 1 12 20 0 

3   lod  0  1  5      4       17      21      1 0 0 0 0 0 0 0 
Stack: 0 0 0 0 0 1 | 0 1 1 29 3 | 0 1 7 20 2 | 0 1 12 20 0 

4   sto  0  0  4      5       17      21      1 0 0 0 0 0 0 0 
Stack: 0 0 0 0 0 1 | 0 1 1 29 3 | 0 1 7 20 2 | 0 1 12 20 1 

5   lod  0  1  5      6       17      21      1 0 0 0 0 0 0 0 
Stack: 0 0 0 0 0 1 | 0 1 1 29 3 | 0 1 7 20 2 | 0 1 12 20 1 

6   lit  1  0  1      7       17      21      1 1 0 0 0 0 0 0 
Stack: 0 0 0 0 0 1 | 0 1 1 29 3 | 0 1 7 20 2 | 0 1 12 20 1 

7   sub  0  0  1      8       17      21      0 1 0 0 0 0 0 0 
Stack: 0 0 0 0 0 1 | 0 1 1 29 3 | 0 1 7 20 2 | 0 1 12 20 1 

8   sto  0  1  5      9       17      21      0 1 0 0 0 0 0 0 
Stack: 0 0 0 0 0 0 | 0 1 1 29 3 | 0 1 7 20 2 | 0 1 12 20 1 

9   lod  0  1  5      10      17      21      0 1 0 0 0 0 0 0 
Stack: 0 0 0 0 0 0 | 0 1 1 29 3 | 0 1 7 20 2 | 0 1 12 20 1 

10  lit  1  0  0      11      17      21      0 0 0 0 0 0 0 0 
Stack: 0 0 0 0 0 0 | 0 1 1 29 3 | 0 1 7 20 2 | 0 1 12 20 1 

11  eql  0  0  1      12      17      21      1 0 0 0 0 0 0 0 
Stack: 0 0 0 0 0 0 | 0 1 1 29 3 | 0 1 7 20 2 | 0 1 12 20 1 

12  jpc  0  0  15     13      17      21      1 0 0 0 0 0 0 0 
Stack: 0 0 0 0 0 0 | 0 1 1 29 3 | 0 1 7 20 2 | 0 1 12 20 1 

13  lit  0  0  1      14      17      21      1 0 0 0 0 0 0 0 
Stack: 0 0 0 0 0 0 | 0 1 1 29 3 | 0 1 7 20 2 | 0 1 12 20 1 

14  sto  0  1  4      15      17      21      1 0 0 0 0 0 0 0 
Stack: 0 0 0 0 1 0 | 0 1 1 29 3 | 0 1 7 20 2 | 0 1 12 20 1 

15  lod  0  1  5      16      17      21      0 0 0 0 0 0 0 0 
Stack: 0 0 0 0 1 0 | 0 1 1 29 3 | 0 1 7 20 2 | 0 1 12 20 1 

16  lit  1  0  0      17      17      21      0 0 0 0 0 0 0 0 
Stack: 0 0 0 0 1 0 | 0 1 1 29 3 | 0 1 7 20 2 | 0 1 12 20 1 

17  gtr  0  0  1      18      17      21      0 0 0 0 0 0 0 0 
Stack: 0 0 0 0 1 0 | 0 1 1 29 3 | 0 1 7 20 2 | 0 1 12 20 1 

18  jpc  0  0  20     20      17      21      0 0 0 0 0 0 0 0 
Stack: 0 0 0 0 1 0 | 0 1 1 29 3 | 0 1 7 20 2 | 0 1 12 20 1 

20  lod  0  1  4      21      17      21      1 0 0 0 0 0 0 0 
Stack: 0 0 0 0 1 0 | 0 1 1 29 3 | 0 1 7 20 2 | 0 1 12 20 1 

21  lod  1  0  4      22      17      21      1 1 0 0 0 0 0 0 
Stack: 0 0 0 0 1 0 | 0 1 1 29 3 | 0 1 7 20 2 | 0 1 12 20 1 

22  mul  0  0  1      23      17      21      1 1 0 0 0 0 0 0 
Stack: 0 0 0 0 1 0 | 0 1 1 29 3 | 0 1 7 20 2 | 0 1 12 20 1 

23  sto  0  1  4      24      17      21      1 1 0 0 0 0 0 0 
Stack: 0 0 0 0 1 0 | 0 1 1 29 3 | 0 1 7 20 2 | 0 1 12 20 1 

24  rtn  0  0  0      20      12      16      1 1 0 0 0 0 0 0 
Stack: 0 0 0 0 1 0 | 0 1 1 29 3 | 0 1 7 20 2 

20  lod  0  1  4      21      12      16      1 1 0 0 0 0 0 0 
Stack: 0 0 0 0 1 0 | 0 1 1 29 3 | 0 1 7 20 2 

21  lod  1  0  4      22      12      16      1 2 0 0 0 0 0 0 
Stack: 0 0 0 0 1 0 | 0 1 1 29 3 | 0 1 7 20 2 

22  mul  0  0  1      23      12      16      2 2 0 0 0 0 0 0 
Stack: 0 0 0 0 1 0 | 0 1 1 29 3 | 0 1 7 20 2 

23  sto  0  1  4      24      12      16      2 2 0 0 0 0 0 0 
Stack: 0 0 0 0 2 0 | 0 1 1 29 3 | 0 1 7 20 2 

24  rtn  0  0  0      20      7       11      2 2 0 0 0 0 0 0 
Stack: 0 0 0 0 2 0 | 0 1 1 29 3 

20  lod  0  1  4      21      7       11      2 2 0 0 0 0 0 0 
Stack: 0 0 0 0 2 0 | 0 1 1 29 3 

21  lod  1  0  4      22      7       11      2 3 0 0 0 0 0 0 
Stack: 0 0 0 0 2 0 | 0 1 1 29 3 

22  mul  0  0  1      23      7       11      6 3 0 0 0 0 0 0 
Stack: 0 0 0 0 2 0 | 0 1 1 29 3 

23  sto  0  1  4      24      7       11      6 3 0 0 0 0 0 0 
Stack: 0 0 0 0 6 0 | 0 1 1 29 3 

24  rtn  0  0  0      29      1       6       6 3 0 0 0 0 0 0 
Stack: 0 0 0 0 6 0 

29  lod  0  0  4      30      1       6       6 3 0 0 0 0 0 0 
Stack: 0 0 0 0 6 0 

$R0 = 6
30  sio  0  0  0      31      1       6       6 3 0 0 0 0 0 0 
Stack: 0 0 0 0 6 0 

31  sio  0  0  3      32      1       6       6 3 0 0 0 0 0 0 
Stack: 0 0 0 0 6 0 

