Lexeme List:
28 2 m 9 3 7 17 2 n 9 3 85 18 29 3 7 18 21 2 x 20 2 m 18 2 y 20 2 n 18 22 19 

Lexeme List (Symbolic Representation):
constsym identsym m eqsym numbersym 7 commasym identsym n eqsym numbersym 85 semicolonsym varsym numbersym 7 semicolonsym beginsym identsym x becomessym identsym m semicolonsym identsym y becomessym identsym n semicolonsym endsym periodsym 

Error: Identifier expected in var declaration.
