Lexeme List:
28 2 m 9 3 7 29 2 i 17 2 x 17 2 y 17 2 z 17 2 q 17 2 r 17 2 n 18 21 2 x 20 2 m 18 2 y 20 2 n 18 22 19 

Lexeme List (Symbolic Representation):
constsym identsym m eqsym numbersym 7 varsym identsym i commasym identsym x commasym identsym y commasym identsym z commasym identsym q commasym identsym r commasym identsym n semicolonsym beginsym identsym x becomessym identsym m semicolonsym identsym y becomessym identsym n semicolonsym endsym periodsym 

Error: Semicolon expected at end of const declaration.
