Lexeme List:
30 2 a 29 2 x 17 2 y 18 21 2 x 20 3 5 18 2 y 20 2 x 6 3 10 18 31 2 y 22 18 21 27 2 a 18 22 19 

Lexeme List (Symbolic Representation):
procsym identsym a varsym identsym x commasym identsym y semicolonsym beginsym identsym x becomessym numbersym 5 semicolonsym identsym y becomessym identsym x multsym numbersym 10 semicolonsym writesym identsym y endsym semicolonsym beginsym callsym identsym a semicolonsym endsym periodsym 

Error: Semicolon expected in procedure declaration.
